<?xml version="1.0" encoding="UTF-8"?>
<testsuites name="jest tests" tests="7" failures="0" errors="0" time="6.04">
  <testsuite name="chaldene" errors="0" failures="0" skipped="0" timestamp="2025-02-14T11:36:54" time="5.016" tests="1">
    <testcase classname="chaldene should be tested" name="chaldene should be tested" time="0.007">
    </testcase>
  </testsuite>
  <testsuite name="findNodeGroupsBetweenCrops" errors="0" failures="0" skipped="0" timestamp="2025-02-14T11:36:54" time="5.011" tests="6">
    <testcase classname="findNodeGroupsBetweenCrops should return empty array for empty graph" name="findNodeGroupsBetweenCrops should return empty array for empty graph" time="0.007">
    </testcase>
    <testcase classname="findNodeGroupsBetweenCrops should return empty array for graph with no crop nodes" name="findNodeGroupsBetweenCrops should return empty array for graph with no crop nodes" time="0">
    </testcase>
    <testcase classname="findNodeGroupsBetweenCrops should group nodes between two crop nodes" name="findNodeGroupsBetweenCrops should group nodes between two crop nodes" time="0.001">
    </testcase>
    <testcase classname="findNodeGroupsBetweenCrops should handle multiple branches between crop nodes" name="findNodeGroupsBetweenCrops should handle multiple branches between crop nodes" time="0">
    </testcase>
    <testcase classname="findNodeGroupsBetweenCrops should handle disconnected components" name="findNodeGroupsBetweenCrops should handle disconnected components" time="0.001">
    </testcase>
    <testcase classname="findNodeGroupsBetweenCrops should handle single crop node" name="findNodeGroupsBetweenCrops should handle single crop node" time="0">
    </testcase>
  </testsuite>
</testsuites>